Microchip MPLAB XC8 Compiler V1.35 ()

Linker command line:

--edf=C:\Program Files (x86)\Microchip\xc8\v1.35\dat\en_msgs.txt -cs \
  -h+dist/default/production\PIC_Lab_4.X.production.sym \
  --cmf=dist/default/production\PIC_Lab_4.X.production.cmf -z -Q16F688 \
  -oC:\Users\Raivias\AppData\Local\Temp\s8ik.2 \
  -Mdist/default/production/PIC_Lab_4.X.production.map -E1 -ver=XC8 \
  -ASTACK=0A0h-0efh -pstack=STACK -ACODE=00h-07FFhx2 -ASTRCODE=00h-0FFFh \
  -ASTRING=00h-0FFhx16 -ACONST=00h-0FFhx16 -AENTRY=00h-0FFhx16 \
  -ACOMMON=070h-07Fh -ABANK0=020h-06Fh -ABANK1=0A0h-0EFh \
  -ABANK2=0120h-016Fh -ARAM=020h-06Fh,0A0h-0EFh,0120h-016Fh \
  -AABS1=020h-07Fh,0A0h-0EFh,0120h-016Fh -ASFR0=00h-01Fh -ASFR1=080h-09Fh \
  -ASFR2=0100h-011Fh -ASFR3=0180h-01EFh \
  -preset_vec=00h,intentry,init,end_init -ppowerup=CODE -pcinit=CODE \
  -pfunctab=CODE -ACONFIG=02007h-02007h -pconfig=CONFIG -DCONFIG=2 \
  -AIDLOC=02000h-02003h -pidloc=IDLOC -DIDLOC=2 -AEEDATA=00h-0FFh/02100h \
  -peeprom_data=EEDATA -DEEDATA=2 -DCODE=2 -DSTRCODE=2 -DSTRING=2 -DCONST=2 \
  -DENTRY=2 -k C:\Users\Raivias\AppData\Local\Temp\s8ik.obj \
  dist/default/production\PIC_Lab_4.X.production.obj 

Object code version is 3.11

Machine type is 16F688



                Name                               Link     Load   Length Selector   Space Scale
C:\Users\Raivias\AppData\Local\Temp\s8ik.obj
                end_init                              0        0        2        0       0
                config                             2007     2007        1     400E       0
dist/default/production\PIC_Lab_4.X.production.obj
                cinit                               7FD      7FD        3      FFA       0
                text10                              6D8      6D8       13      DB0       0
                text9                               747      747       54      E8E       0
                text8                               6A8      6A8        8      D50       0
                text7                               6B8      6B8       10      D70       0
                text6                               6C8      6C8       10      D90       0
                text5                               705      705       1E      E0A       0
                text4                               6A2      6A2        6      D44       0
                text3                               723      723       24      E46       0
                text2                               6B0      6B0        8      D60       0
                text1                               6EB      6EB       1A      DD6       0
                maintext                            79B      79B       62      F36       0
                cstackBANK0                          20       20        6       20       1
                cstackCOMMON                         70       70        A       70       1

TOTAL           Name                               Link     Load   Length     Space
        CLASS   STACK          

        CLASS   CODE           
                end_init                              0        0        2         0
                cinit                               7FD      7FD        3         0
                text10                              6D8      6D8       13         0
                text9                               747      747       54         0
                text8                               6A8      6A8        8         0
                text7                               6B8      6B8       10         0
                text6                               6C8      6C8       10         0
                text5                               705      705       1E         0
                text4                               6A2      6A2        6         0
                text3                               723      723       24         0
                text2                               6B0      6B0        8         0
                text1                               6EB      6EB       1A         0
                maintext                            79B      79B       62         0

        CLASS   STRCODE        

        CLASS   STRING         

        CLASS   CONST          

        CLASS   ENTRY          

        CLASS   COMMON         
                cstackCOMMON                         70       70        A         1

        CLASS   BANK0          
                cstackBANK0                          20       20        6         1

        CLASS   BANK1          

        CLASS   BANK2          

        CLASS   RAM            

        CLASS   ABS1           
                abs_s1                               7E       7E        2         1

        CLASS   SFR0           

        CLASS   SFR1           

        CLASS   SFR2           

        CLASS   SFR3           

        CLASS   CONFIG         
                config                             2007     2007        1         0

        CLASS   IDLOC          

        CLASS   EEDATA         

        CLASS   BANK3          



SEGMENTS        Name                           Load    Length   Top    Selector   Space  Class     Delta

                reset_vec                      000000  000002  000002         0       0  CODE        2
                cstackBANK0                    000020  000006  000026        20       1  BANK0       1
                cstackCOMMON                   000070  00000A  00007A        70       1  COMMON      1
                text4                          0006A2  000006  0006A8       D44       0  CODE        2
                text8                          0006A8  000008  0006B0       D50       0  CODE        2
                text2                          0006B0  000008  0006B8       D60       0  CODE        2
                text7                          0006B8  000010  0006C8       D70       0  CODE        2
                text6                          0006C8  000010  0006D8       D90       0  CODE        2
                text10                         0006D8  000013  0006EB       DB0       0  CODE        2
                text1                          0006EB  00001A  000705       DD6       0  CODE        2
                text5                          000705  00001E  000723       E0A       0  CODE        2
                text3                          000723  000024  000747       E46       0  CODE        2
                text9                          000747  000054  00079B       E8E       0  CODE        2
                maintext                       00079B  000062  0007FD       F36       0  CODE        2
                cinit                          0007FD  000003  000800       FFA       0  CODE        2
                config                         002007  000001  002008      400E       0  CONFIG      2


UNUSED ADDRESS RANGES

        Name                Unused          Largest block    Delta
        BANK0            0026-006F             4A           1
        BANK1            00A0-00EF             50           1
        BANK2            0120-016F             50           1
        CODE             0002-06A1            6A0           2
                         0800-0FFF            800
        COMMON           007A-007D              4           1
        CONST            0002-06A1            100           2
                         0800-0FFF            100
        EEDATA           2100-21FF            100           2
        ENTRY            0002-06A1            100           2
                         0800-0FFF            100
        IDLOC            2000-2003              4           2
        RAM              0026-006F             4A           1
                         00A0-00EF             50
                         0120-016F             50
        SFR0             0000-001F             20           1
        SFR1             0080-009F             20           1
        SFR2             0100-011F             20           1
        SFR3             0180-01EF             70           1
        STACK            00A0-00EF             50           1
        STRCODE          0002-06A1            6A0           2
                         0800-0FFF            800
        STRING           0002-06A1            100           2
                         0800-0FFF            100

                                  Symbol Table

?_vread                          cstackCOMMON 0070
_ADCON0                          (abs)        001F
_ADCON1                          (abs)        009F
_ADRESH                          (abs)        001E
_ADRESL                          (abs)        009E
_ANSEL                           (abs)        0091
_CMCON0                          (abs)        0019
_GO                              (abs)        00F9
_PORTC                           (abs)        0007
_RC4                             (abs)        003C
_RC5                             (abs)        003D
_TRISA2                          (abs)        042A
_TRISC0                          (abs)        0438
_TRISC1                          (abs)        0439
_TRISC2                          (abs)        043A
_TRISC3                          (abs)        043B
_TRISC4                          (abs)        043C
_TRISC5                          (abs)        043D
__CFG_WDTE$ON                    (abs)        0000
__Habs1                          abs1         0000
__Hbank0                         bank0        0000
__Hbank1                         bank1        0000
__Hbank2                         bank2        0000
__Hbank3                         bank3        0000
__Hcinit                         cinit        0800
__Hclrtext                       clrtext      0000
__Hcode                          code         0000
__Hcommon                        common       0000
__Hconfig                        config       2008
__HcstackBANK0                   cstackBANK0  0000
__HcstackCOMMON                  cstackCOMMON 0000
__Heeprom_data                   eeprom_data  0000
__Hend_init                      end_init     0002
__Hfunctab                       functab      0000
__Hidloc                         idloc        0000
__Hinit                          init         0000
__Hintentry                      intentry     0000
__Hmaintext                      maintext     0000
__Hpowerup                       powerup      0000
__Hram                           ram          0000
__Hreset_vec                     reset_vec    0000
__Hsfr0                          sfr0         0000
__Hsfr1                          sfr1         0000
__Hsfr2                          sfr2         0000
__Hsfr3                          sfr3         0000
__Hspace_0                       (abs)        2008
__Hspace_1                       (abs)        007A
__Hspace_2                       (abs)        0000
__Hspace_3                       (abs)        0000
__Hstack                         stack        0000
__Hstrings                       strings      0000
__Htext                          text         0000
__Labs1                          abs1         0000
__Lbank0                         bank0        0000
__Lbank1                         bank1        0000
__Lbank2                         bank2        0000
__Lbank3                         bank3        0000
__Lcinit                         cinit        07FD
__Lclrtext                       clrtext      0000
__Lcode                          code         0000
__Lcommon                        common       0000
__Lconfig                        config       2007
__LcstackBANK0                   cstackBANK0  0000
__LcstackCOMMON                  cstackCOMMON 0000
__Leeprom_data                   eeprom_data  0000
__Lend_init                      end_init     0000
__Lfunctab                       functab      0000
__Lidloc                         idloc        0000
__Linit                          init         0000
__Lintentry                      intentry     0000
__Lmaintext                      maintext     0000
__Lpowerup                       powerup      0000
__Lram                           ram          0000
__Lreset_vec                     reset_vec    0000
__Lsfr0                          sfr0         0000
__Lsfr1                          sfr1         0000
__Lsfr2                          sfr2         0000
__Lsfr3                          sfr3         0000
__Lspace_0                       (abs)        0000
__Lspace_1                       (abs)        0000
__Lspace_2                       (abs)        0000
__Lspace_3                       (abs)        0000
__Lstack                         stack        0000
__Lstrings                       strings      0000
__Ltext                          text         0000
__S0                             (abs)        2008
__S1                             (abs)        007A
__S2                             (abs)        0000
__S3                             (abs)        0000
___int_sp                        stack        0000
___latbits                       (abs)        0001
___sp                            stack        0000
__end_of__initialization         cinit        07FD
__end_of_debug_write             text9        079B
__end_of_init                    text10       06EB
__end_of_main                    maintext     07FD
__end_of_read_adc                text4        06A8
__end_of_read_msg                text5        0723
__end_of_set_read                text8        06B0
__end_of_set_write               text2        06B8
__end_of_vread                   text3        0747
__end_of_wait_while_strobe_high  text7        06C8
__end_of_wait_while_strobe_low   text6        06D8
__end_of_write_msg               text1        0705
__initialization                 cinit        07FD
__pcstackBANK0                   cstackBANK0  0020
__pcstackCOMMON                  cstackCOMMON 0070
__pmaintext                      maintext     079B
__ptext1                         text1        06EB
__ptext10                        text10       06D8
__ptext2                         text2        06B0
__ptext3                         text3        0723
__ptext4                         text4        06A2
__ptext5                         text5        0705
__ptext6                         text6        06C8
__ptext7                         text7        06B8
__ptext8                         text8        06A8
__ptext9                         text9        0747
__size_of_debug_write            (abs)        0000
__size_of_init                   (abs)        0000
__size_of_main                   (abs)        0000
__size_of_read_adc               (abs)        0000
__size_of_read_msg               (abs)        0000
__size_of_set_read               (abs)        0000
__size_of_set_write              (abs)        0000
__size_of_vread                  (abs)        0000
__size_of_wait_while_strobe_high (abs)        0000
__size_of_wait_while_strobe_low  (abs)        0000
__size_of_write_msg              (abs)        0000
_debug_write                     text9        0747
_init                            text10       06D8
_main                            maintext     079B
_read_adc                        text4        06A2
_read_msg                        text5        0705
_set_read                        text8        06A8
_set_write                       text2        06B0
_vread                           text3        0723
_wait_while_strobe_high          text7        06B8
_wait_while_strobe_low           text6        06C8
_write_msg                       text1        06EB
btemp                            (abs)        007E
debug_write@i                    cstackCOMMON 0072
debug_write@msg                  cstackCOMMON 0071
end_of_initialization            cinit        07FD
intlevel0                        functab      0000
intlevel1                        functab      0000
intlevel2                        functab      0000
intlevel3                        functab      0000
intlevel4                        functab      0000
intlevel5                        functab      0000
ltemp                            (abs)        007E
ltemp0                           (abs)        007E
ltemp1                           (abs)        0082
ltemp2                           (abs)        0086
ltemp3                           (abs)        0080
main@chunk1                      cstackBANK0  0021
main@chunk2                      cstackBANK0  0022
main@chunk3                      cstackBANK0  0023
main@cmd                         cstackBANK0  0020
main@data                        cstackBANK0  0024
read_msg@msg                     cstackCOMMON 0075
reset_vec                        reset_vec    0000
stackhi                          (abs)        0000
stacklo                          (abs)        0000
start                            init         0000
start_initialization             cinit        07FD
ttemp                            (abs)        007E
ttemp0                           (abs)        007E
ttemp1                           (abs)        0081
ttemp2                           (abs)        0084
ttemp3                           (abs)        0087
ttemp4                           (abs)        007F
vread@rval                       cstackCOMMON 0075
write_msg@msg                    cstackCOMMON 0071
wtemp                            (abs)        007E
wtemp0                           (abs)        007E
wtemp1                           (abs)        0080
wtemp2                           (abs)        0082
wtemp3                           (abs)        0084
wtemp4                           (abs)        0086
wtemp5                           (abs)        0088
wtemp6                           (abs)        007F


FUNCTION INFORMATION:

 *************** function _main *****************
 Defined at:
		line 230 in file "assignment4.c"
 Parameters:    Size  Location     Type
		None
 Auto vars:     Size  Location     Type
  chunk3          1    3[BANK0 ] unsigned char 
  chunk2          1    2[BANK0 ] unsigned char 
  chunk1          1    1[BANK0 ] unsigned char 
  data            2    4[BANK0 ] int 
  cmd             1    0[BANK0 ] unsigned char 
 Return value:  Size  Location     Type
		None               void
 Registers used:
		wreg, fsr0l, fsr0h, status,2, status,0, btemp+1, pclath, cstack
 Tracked objects:
		On entry : 
		On exit  : 
		Unchanged: 
 Data sizes:     COMMON   BANK0   BANK1   BANK2
      Params:         0       0       0       0
      Locals:         0       6       0       0
      Temps:          3       0       0       0
      Totals:         3       6       0       0
Total ram usage:        9 bytes
 Hardware stack levels required when called:    2
 This function calls:
		_debug_write
		_init
		_read_msg
		_set_read
		_vread
		_write_msg
 This function is called by:
		Startup code after reset
 This function uses a non-reentrant model


 *************** function _write_msg *****************
 Defined at:
		line 134 in file "assignment4.c"
 Parameters:    Size  Location     Type
  msg             1    wreg     unsigned char 
 Auto vars:     Size  Location     Type
  msg             1    1[COMMON] unsigned char 
 Return value:  Size  Location     Type
		None               void
 Registers used:
		wreg, status,2, status,0, pclath, cstack
 Tracked objects:
		On entry : 
		On exit  : 
		Unchanged: 
 Data sizes:     COMMON   BANK0   BANK1   BANK2
      Params:         0       0       0       0
      Locals:         1       0       0       0
      Temps:          0       0       0       0
      Totals:         1       0       0       0
Total ram usage:        1 bytes
 Hardware stack levels used:    1
 Hardware stack levels required when called:    1
 This function calls:
		_set_read
		_set_write
		_wait_while_strobe_high
		_wait_while_strobe_low
 This function is called by:
		_main
 This function uses a non-reentrant model


 *************** function _set_write *****************
 Defined at:
		line 116 in file "assignment4.c"
 Parameters:    Size  Location     Type
		None
 Auto vars:     Size  Location     Type
		None
 Return value:  Size  Location     Type
		None               void
 Registers used:
		None
 Tracked objects:
		On entry : 
		On exit  : 
		Unchanged: 
 Data sizes:     COMMON   BANK0   BANK1   BANK2
      Params:         0       0       0       0
      Locals:         0       0       0       0
      Temps:          0       0       0       0
      Totals:         0       0       0       0
Total ram usage:        0 bytes
 Hardware stack levels used:    1
 This function calls:
		Nothing
 This function is called by:
		_write_msg
 This function uses a non-reentrant model


 *************** function _vread *****************
 Defined at:
		line 220 in file "assignment4.c"
 Parameters:    Size  Location     Type
		None
 Auto vars:     Size  Location     Type
  rval            2    5[COMMON] int 
 Return value:  Size  Location     Type
                  2    0[COMMON] int 
 Registers used:
		wreg, status,2, status,0, pclath, cstack
 Tracked objects:
		On entry : 
		On exit  : 
		Unchanged: 
 Data sizes:     COMMON   BANK0   BANK1   BANK2
      Params:         2       0       0       0
      Locals:         2       0       0       0
      Temps:          3       0       0       0
      Totals:         7       0       0       0
Total ram usage:        7 bytes
 Hardware stack levels used:    1
 Hardware stack levels required when called:    1
 This function calls:
		_read_adc
 This function is called by:
		_main
 This function uses a non-reentrant model


 *************** function _read_adc *****************
 Defined at:
		line 209 in file "assignment4.c"
 Parameters:    Size  Location     Type
		None
 Auto vars:     Size  Location     Type
		None
 Return value:  Size  Location     Type
		None               void
 Registers used:
		None
 Tracked objects:
		On entry : 
		On exit  : 
		Unchanged: 
 Data sizes:     COMMON   BANK0   BANK1   BANK2
      Params:         0       0       0       0
      Locals:         0       0       0       0
      Temps:          0       0       0       0
      Totals:         0       0       0       0
Total ram usage:        0 bytes
 Hardware stack levels used:    1
 This function calls:
		Nothing
 This function is called by:
		_vread
 This function uses a non-reentrant model


 *************** function _read_msg *****************
 Defined at:
		line 157 in file "assignment4.c"
 Parameters:    Size  Location     Type
		None
 Auto vars:     Size  Location     Type
  msg             1    5[COMMON] unsigned char 
 Return value:  Size  Location     Type
                  1    wreg      unsigned char 
 Registers used:
		wreg, status,2, status,0, btemp+1, pclath, cstack
 Tracked objects:
		On entry : 
		On exit  : 
		Unchanged: 
 Data sizes:     COMMON   BANK0   BANK1   BANK2
      Params:         0       0       0       0
      Locals:         1       0       0       0
      Temps:          1       0       0       0
      Totals:         2       0       0       0
Total ram usage:        2 bytes
 Hardware stack levels used:    1
 Hardware stack levels required when called:    1
 This function calls:
		_debug_write
		_set_read
		_wait_while_strobe_high
		_wait_while_strobe_low
 This function is called by:
		_main
 This function uses a non-reentrant model


 *************** function _wait_while_strobe_low *****************
 Defined at:
		line 77 in file "assignment4.c"
 Parameters:    Size  Location     Type
		None
 Auto vars:     Size  Location     Type
		None
 Return value:  Size  Location     Type
		None               void
 Registers used:
		wreg
 Tracked objects:
		On entry : 
		On exit  : 
		Unchanged: 
 Data sizes:     COMMON   BANK0   BANK1   BANK2
      Params:         0       0       0       0
      Locals:         0       0       0       0
      Temps:          1       0       0       0
      Totals:         1       0       0       0
Total ram usage:        1 bytes
 Hardware stack levels used:    1
 This function calls:
		Nothing
 This function is called by:
		_write_msg
		_read_msg
 This function uses a non-reentrant model


 *************** function _wait_while_strobe_high *****************
 Defined at:
		line 63 in file "assignment4.c"
 Parameters:    Size  Location     Type
		None
 Auto vars:     Size  Location     Type
		None
 Return value:  Size  Location     Type
		None               void
 Registers used:
		wreg
 Tracked objects:
		On entry : 
		On exit  : 
		Unchanged: 
 Data sizes:     COMMON   BANK0   BANK1   BANK2
      Params:         0       0       0       0
      Locals:         0       0       0       0
      Temps:          1       0       0       0
      Totals:         1       0       0       0
Total ram usage:        1 bytes
 Hardware stack levels used:    1
 This function calls:
		Nothing
 This function is called by:
		_write_msg
		_read_msg
 This function uses a non-reentrant model


 *************** function _set_read *****************
 Defined at:
		line 107 in file "assignment4.c"
 Parameters:    Size  Location     Type
		None
 Auto vars:     Size  Location     Type
		None
 Return value:  Size  Location     Type
		None               void
 Registers used:
		None
 Tracked objects:
		On entry : 
		On exit  : 
		Unchanged: 
 Data sizes:     COMMON   BANK0   BANK1   BANK2
      Params:         0       0       0       0
      Locals:         0       0       0       0
      Temps:          0       0       0       0
      Totals:         0       0       0       0
Total ram usage:        0 bytes
 Hardware stack levels used:    1
 This function calls:
		Nothing
 This function is called by:
		_write_msg
		_read_msg
		_main
 This function uses a non-reentrant model


 *************** function _debug_write *****************
 Defined at:
		line 182 in file "assignment4.c"
 Parameters:    Size  Location     Type
  msg             1    wreg     unsigned char 
 Auto vars:     Size  Location     Type
  msg             1    1[COMMON] unsigned char 
  i               2    2[COMMON] int 
 Return value:  Size  Location     Type
		None               void
 Registers used:
		wreg, status,2, status,0, btemp+1
 Tracked objects:
		On entry : 
		On exit  : 
		Unchanged: 
 Data sizes:     COMMON   BANK0   BANK1   BANK2
      Params:         0       0       0       0
      Locals:         3       0       0       0
      Temps:          1       0       0       0
      Totals:         4       0       0       0
Total ram usage:        4 bytes
 Hardware stack levels used:    1
 This function calls:
		Nothing
 This function is called by:
		_read_msg
		_main
 This function uses a non-reentrant model


 *************** function _init *****************
 Defined at:
		line 90 in file "assignment4.c"
 Parameters:    Size  Location     Type
		None
 Auto vars:     Size  Location     Type
		None
 Return value:  Size  Location     Type
		None               void
 Registers used:
		wreg
 Tracked objects:
		On entry : 
		On exit  : 
		Unchanged: 
 Data sizes:     COMMON   BANK0   BANK1   BANK2
      Params:         0       0       0       0
      Locals:         0       0       0       0
      Temps:          0       0       0       0
      Totals:         0       0       0       0
Total ram usage:        0 bytes
 Hardware stack levels used:    1
 This function calls:
		Nothing
 This function is called by:
		_main
 This function uses a non-reentrant model



MODULE INFORMATION

Module		Function		Class		Link	Load	Size
assignment4.c
		_init          		CODE           	06D8	0000	20
		_read_msg      		CODE           	0705	0000	31
		_main          		CODE           	079B	0000	99
		_write_msg     		CODE           	06EB	0000	27
		_set_write     		CODE           	06B0	0000	9
		_wait_while_strobe_low		CODE           	06C8	0000	17
		_vread         		CODE           	0723	0000	37
		_set_read      		CODE           	06A8	0000	9
		_read_adc      		CODE           	06A2	0000	7
		_debug_write   		CODE           	0747	0000	85
		_wait_while_strobe_high		CODE           	06B8	0000	17

assignment4.c estimated size: 358

shared
		__initialization		CODE           	07FD	0000	1

shared estimated size: 1

